Microchip MPLAB XC8 Compiler V1.34 ()

Linker command line:

--edf=C:\Program Files (x86)\Microchip\xc8\v1.34\dat\en_msgs.txt -cs \
  -h+dist/default/production\KEY_REFILLER_LCD.X.production.sym \
  --cmf=dist/default/production\KEY_REFILLER_LCD.X.production.cmf -z \
  -Q16F628A -oC:\Users\Stefano\AppData\Local\Temp\s9s4.6 \
  -Mdist/default/production/KEY_REFILLER_LCD.X.production.map -E1 -ver=XC8 \
  -ASTACK=0A0h-0efh -pstack=STACK -ACODE=00h-07FFh -ASTRCODE=00h-07FFh \
  -ASTRING=00h-0FFhx8 -ACONST=00h-0FFhx8 -AENTRY=00h-0FFhx8 \
  -ACOMMON=070h-07Fh -ABANK0=020h-06Fh -ABANK1=0A0h-0EFh \
  -ABANK2=0120h-014Fh -ARAM=020h-06Fh,0A0h-0EFh,0120h-014Fh \
  -AABS1=020h-07Fh,0A0h-0EFh,0120h-014Fh -ASFR0=00h-01Fh -ASFR1=080h-09Fh \
  -ASFR2=0100h-011Fh -ASFR3=0180h-01EFh \
  -preset_vec=00h,intentry,init,end_init -ppowerup=CODE -pcinit=CODE \
  -pfunctab=CODE -ACONFIG=02007h-02007h -pconfig=CONFIG -DCONFIG=2 \
  -AIDLOC=02000h-02003h -pidloc=IDLOC -DIDLOC=2 -AEEDATA=00h-07Fh/02100h \
  -peeprom_data=EEDATA -DEEDATA=2 -DCODE=2 -DSTRCODE=2 -DSTRING=2 -DCONST=2 \
  -DENTRY=2 -k C:\Users\Stefano\AppData\Local\Temp\s9s4.obj \
  dist/default/production\KEY_REFILLER_LCD.X.production.obj 

Object code version is 3.11

Machine type is 16F628A



                Name                               Link     Load   Length Selector   Space Scale
C:\Users\Stefano\AppData\Local\Temp\s9s4.obj
                end_init                              0        0        1        0       0
                config                             2007     2007        1     400E       0
dist/default/production\KEY_REFILLER_LCD.X.production.obj
                cinit                               7F9      7F9        7      FF2       0
                text53                               AA       AA        4      154       0
                text52                              11C      11C        E      238       0
                text51                              187      187       16      30E       0
                text50                              19D      19D       16      33A       0
                text49                              641      641       53      C82       0
                text48                              1B3      1B3       16      366       0
                text47                               EB       EB        B      1D6       0
                text46                               B2       B2        5      164       0
                text45                               BD       BD        7      17A       0
                text44                               A5       A5        2      14A       0
                text43                               B7       B7        6      16E       0
                text42                              14B      14B       14      296       0
                text41                               F6       F6        C      1EC       0
                text40                              138      138       13      270       0
                text39                              59F      59F       50      B3E       0
                text38                              41A      41A       39      834       0
                text37                              3E9      3E9       31      7D2       0
                text36                              694      694       66      D28       0
                text35                              1F5      1F5       17      3EA       0
                text34                              274      274       20      4E8       0
                text33                              2D4      2D4       23      5A8       0
                text32                              31A      31A       26      634       0
                text31                              1C9      1C9       16      392       0
                text30                              368      368       2A      6D0       0
                text29                              15F      15F       14      2BE       0
                text28                              453      453       39      8A6       0
                text27                              102      102        D      204       0
                text26                              294      294       20      528       0
                text25                              23D      23D       1B      47A       0
                text24                              2F7      2F7       23      5EE       0
                text23                              10F      10F        D      21E       0
                text22                               D2       D2        8      1A4       0
                text21                              224      224       19      448       0
                text20                              2B4      2B4       20      568       0
                text19                              76B      76B       8E      ED6       0
                text18                              5EF      5EF       52      BDE       0
                text17                              3BC      3BC       2D      778       0
                text16                              340      340       28      680       0
                text15                              550      550       4F      AA0       0
                swtext1                              8E       8E        4      11C       0
                text14                              6FA      6FA       71      DF4       0
                text13                               A7       A7        3      14E       0
                text12                              173      173       14      2E6       0
                text11                               E2       E2        9      1C4       0
                text10                              20C      20C       18      418       0
                text9                               392      392       2A      724       0
                text8                               1DF      1DF       16      3BE       0
                text7                               48C      48C       3E      918       0
                text6                                C4       C4        7      188       0
                text5                                CB       CB        7      196       0
                text4                               258      258       1C      4B0       0
                text3                               12A      12A        E      254       0
                text2                               4CA      4CA       41      994       0
                text1                                AE       AE        4      15C       0
                maintext                            50B      50B       45      A16       0
                cstackBANK0                          20       20       17       20       1
                cstackCOMMON                         70       70        E       70       1
                clrtext                              DA       DA        8      1B4       0
                bssBANK0                             37       37        E       20       1
                strings                               1        1       8D        2       0

TOTAL           Name                               Link     Load   Length     Space
        CLASS   STACK          

        CLASS   CODE           
                end_init                              0        0        1         0
                cinit                               7F9      7F9        7         0
                text53                               AA       AA        4         0
                text52                              11C      11C        E         0
                text51                              187      187       16         0
                text50                              19D      19D       16         0
                text49                              641      641       53         0
                text48                              1B3      1B3       16         0
                text47                               EB       EB        B         0
                text46                               B2       B2        5         0
                text45                               BD       BD        7         0
                text44                               A5       A5        2         0
                text43                               B7       B7        6         0
                text42                              14B      14B       14         0
                text41                               F6       F6        C         0
                text40                              138      138       13         0
                text39                              59F      59F       50         0
                text38                              41A      41A       39         0
                text37                              3E9      3E9       31         0
                text36                              694      694       66         0
                text35                              1F5      1F5       17         0
                text34                              274      274       20         0
                text33                              2D4      2D4       23         0
                text32                              31A      31A       26         0
                text31                              1C9      1C9       16         0
                text30                              368      368       2A         0
                text29                              15F      15F       14         0
                text28                              453      453       39         0
                text27                              102      102        D         0
                text26                              294      294       20         0
                text25                              23D      23D       1B         0
                text24                              2F7      2F7       23         0
                text23                              10F      10F        D         0
                text22                               D2       D2        8         0
                text21                              224      224       19         0
                text20                              2B4      2B4       20         0
                text19                              76B      76B       8E         0
                text18                              5EF      5EF       52         0
                text17                              3BC      3BC       2D         0
                text16                              340      340       28         0
                text15                              550      550       4F         0
                text14                              6FA      6FA       71         0
                text13                               A7       A7        3         0
                text12                              173      173       14         0
                text11                               E2       E2        9         0
                text10                              20C      20C       18         0
                text9                               392      392       2A         0
                text8                               1DF      1DF       16         0
                text7                               48C      48C       3E         0
                text6                                C4       C4        7         0
                text5                                CB       CB        7         0
                text4                               258      258       1C         0
                text3                               12A      12A        E         0
                text2                               4CA      4CA       41         0
                text1                                AE       AE        4         0
                maintext                            50B      50B       45         0
                clrtext                              DA       DA        8         0

        CLASS   STRCODE        

        CLASS   STRING         
                strings                               1        1       8D         0

        CLASS   CONST          
                swtext1                              8E       8E        4         0

        CLASS   ENTRY          

        CLASS   COMMON         
                cstackCOMMON                         70       70        E         1

        CLASS   BANK0          
                cstackBANK0                          20       20       17         1
                bssBANK0                             37       37        E         1

        CLASS   BANK1          

        CLASS   BANK2          

        CLASS   RAM            

        CLASS   ABS1           
                abs_s1                               7E       7E        2         1

        CLASS   SFR0           

        CLASS   SFR1           

        CLASS   SFR2           

        CLASS   SFR3           

        CLASS   CONFIG         
                config                             2007     2007        1         0

        CLASS   IDLOC          

        CLASS   EEDATA         

        CLASS   BANK3          



SEGMENTS        Name                           Load    Length   Top    Selector   Space  Class     Delta

                reset_vec                      000000  000001  000001         0       0  CODE        2
                strings                        000001  00008D  00008E         2       0  STRING      2
                cstackBANK0                    000020  000025  000045        20       1  BANK0       1
                cstackCOMMON                   000070  00000E  00007E        70       1  COMMON      1
                swtext1                        00008E  000004  000092       11C       0  CONST       2
                text44                         0000A5  000002  0000A7       14A       0  CODE        2
                text13                         0000A7  000003  0000AA       14E       0  CODE        2
                text53                         0000AA  000004  0000AE       154       0  CODE        2
                text1                          0000AE  000004  0000B2       15C       0  CODE        2
                text46                         0000B2  000005  0000B7       164       0  CODE        2
                text43                         0000B7  000006  0000BD       16E       0  CODE        2
                text45                         0000BD  000007  0000C4       17A       0  CODE        2
                text6                          0000C4  000007  0000CB       188       0  CODE        2
                text5                          0000CB  000007  0000D2       196       0  CODE        2
                text22                         0000D2  000008  0000DA       1A4       0  CODE        2
                clrtext                        0000DA  000008  0000E2       1B4       0  CODE        2
                text11                         0000E2  000009  0000EB       1C4       0  CODE        2
                text47                         0000EB  00000B  0000F6       1D6       0  CODE        2
                text41                         0000F6  00000C  000102       1EC       0  CODE        2
                text27                         000102  00000D  00010F       204       0  CODE        2
                text23                         00010F  00000D  00011C       21E       0  CODE        2
                text52                         00011C  00000E  00012A       238       0  CODE        2
                text3                          00012A  00000E  000138       254       0  CODE        2
                text40                         000138  000013  00014B       270       0  CODE        2
                text42                         00014B  000014  00015F       296       0  CODE        2
                text29                         00015F  000014  000173       2BE       0  CODE        2
                text12                         000173  000014  000187       2E6       0  CODE        2
                text51                         000187  000016  00019D       30E       0  CODE        2
                text50                         00019D  000016  0001B3       33A       0  CODE        2
                text48                         0001B3  000016  0001C9       366       0  CODE        2
                text31                         0001C9  000016  0001DF       392       0  CODE        2
                text8                          0001DF  000016  0001F5       3BE       0  CODE        2
                text35                         0001F5  000017  00020C       3EA       0  CODE        2
                text10                         00020C  000018  000224       418       0  CODE        2
                text21                         000224  000019  00023D       448       0  CODE        2
                text25                         00023D  00001B  000258       47A       0  CODE        2
                text4                          000258  00001C  000274       4B0       0  CODE        2
                text34                         000274  000020  000294       4E8       0  CODE        2
                text26                         000294  000020  0002B4       528       0  CODE        2
                text20                         0002B4  000020  0002D4       568       0  CODE        2
                text33                         0002D4  000023  0002F7       5A8       0  CODE        2
                text24                         0002F7  000023  00031A       5EE       0  CODE        2
                text32                         00031A  000026  000340       634       0  CODE        2
                text16                         000340  000028  000368       680       0  CODE        2
                text30                         000368  00002A  000392       6D0       0  CODE        2
                text9                          000392  00002A  0003BC       724       0  CODE        2
                text17                         0003BC  00002D  0003E9       778       0  CODE        2
                text37                         0003E9  000031  00041A       7D2       0  CODE        2
                text38                         00041A  000039  000453       834       0  CODE        2
                text28                         000453  000039  00048C       8A6       0  CODE        2
                text7                          00048C  00003E  0004CA       918       0  CODE        2
                text2                          0004CA  000041  00050B       994       0  CODE        2
                maintext                       00050B  000045  000550       A16       0  CODE        2
                text15                         000550  00004F  00059F       AA0       0  CODE        2
                text39                         00059F  000050  0005EF       B3E       0  CODE        2
                text18                         0005EF  000052  000641       BDE       0  CODE        2
                text49                         000641  000053  000694       C82       0  CODE        2
                text36                         000694  000066  0006FA       D28       0  CODE        2
                text14                         0006FA  000071  00076B       DF4       0  CODE        2
                text19                         00076B  00008E  0007F9       ED6       0  CODE        2
                cinit                          0007F9  000007  000800       FF2       0  CODE        2
                config                         002007  000001  002008      400E       0  CONFIG      2


UNUSED ADDRESS RANGES

        Name                Unused          Largest block    Delta
        BANK0            0045-006F             2B           1
        BANK1            00A0-00EF             50           1
        BANK2            0120-014F             30           1
        CODE             0092-00A4             13           2
        CONST            0092-00A4             13           2
        EEDATA           2100-217F             80           2
        ENTRY            0092-00A4             13           2
        IDLOC            2000-2003              4           2
        RAM              0045-006F             2B           1
                         00A0-00EF             50
                         0120-014F             30
        SFR0             0000-001F             20           1
        SFR1             0080-009F             20           1
        SFR2             0100-011F             20           1
        SFR3             0180-01EF             70           1
        STACK            00A0-00EF             50           1
        STRCODE          0092-00A4             13           2
        STRING           0092-00A4             13           2

                                  Symbol Table

?___ltdiv                                cstackCOMMON 0070
?___ltmod                                cstackCOMMON 0070
PL10                                     text39       05D9
PL12                                     text39       05E4
PL14                                     text32       0339
PL16                                     text24       0311
PL18                                     text9        03B4
PL2                                      maintext     0548
PL20                                     text17       03E2
PL22                                     text28       0487
PL4                                      text32       0330
PL6                                      text19       07EB
PL8                                      text9        03A8
_CMCONbits                               (abs)        001F
_C_PORTB                                 (abs)        0006
_C_PORTBbits                             (abs)        0006
_C_TRISAbits                             (abs)        0085
_C_TRISBbits                             (abs)        0086
_EEADR                                   (abs)        009B
_EECON1bits                              (abs)        009C
_EECON2                                  (abs)        009D
_EEDATA                                  (abs)        009A
_INTCONbits                              (abs)        000B
_PORTA                                   (abs)        0005
_PORTB                                   (abs)        0006
_SR_PORTA                                (abs)        00EE
_SR_PORTAbits                            (abs)        00EE
_SR_PORTB                                (abs)        00EF
_SR_PORTBbits                            (abs)        00EF
_TRISA                                   (abs)        0085
_TRISB                                   (abs)        0086
_VRCONbits                               (abs)        009F
__CFG_BOREN$OFF                          (abs)        0000
__CFG_CP$OFF                             (abs)        0000
__CFG_CPD$OFF                            (abs)        0000
__CFG_FOSC$INTOSCIO                      (abs)        0000
__CFG_LVP$OFF                            (abs)        0000
__CFG_MCLRE$ON                           (abs)        0000
__CFG_PWRTE$OFF                          (abs)        0000
__CFG_WDTE$OFF                           (abs)        0000
__Habs1                                  abs1         0000
__Hbank0                                 bank0        0000
__Hbank1                                 bank1        0000
__Hbank2                                 bank2        0000
__Hbank3                                 bank3        0000
__HbssBANK0                              bssBANK0     0000
__Hcinit                                 cinit        0800
__Hclrtext                               clrtext      0000
__Hcode                                  code         0000
__Hcommon                                common       0000
__Hconfig                                config       2008
__HcstackBANK0                           cstackBANK0  0000
__HcstackCOMMON                          cstackCOMMON 0000
__Heeprom_data                           eeprom_data  0000
__Hend_init                              end_init     0001
__Hfunctab                               functab      0000
__Hidloc                                 idloc        0000
__Hinit                                  init         0000
__Hintentry                              intentry     0000
__Hmaintext                              maintext     0000
__Hpa_nodes                              pa_nodes     0000
__Hpowerup                               powerup      0000
__Hram                                   ram          0000
__Hreset_vec                             reset_vec    0000
__Hsfr0                                  sfr0         0000
__Hsfr1                                  sfr1         0000
__Hsfr2                                  sfr2         0000
__Hsfr3                                  sfr3         0000
__Hspace_0                               (abs)        2008
__Hspace_1                               (abs)        007E
__Hspace_2                               (abs)        0000
__Hspace_3                               (abs)        0000
__Hstack                                 stack        0000
__Hstrings                               strings      0000
__Htext                                  text         0000
__Labs1                                  abs1         0000
__Lbank0                                 bank0        0000
__Lbank1                                 bank1        0000
__Lbank2                                 bank2        0000
__Lbank3                                 bank3        0000
__LbssBANK0                              bssBANK0     0000
__Lcinit                                 cinit        07F9
__Lclrtext                               clrtext      0000
__Lcode                                  code         0000
__Lcommon                                common       0000
__Lconfig                                config       2007
__LcstackBANK0                           cstackBANK0  0000
__LcstackCOMMON                          cstackCOMMON 0000
__Leeprom_data                           eeprom_data  0000
__Lend_init                              end_init     0000
__Lfunctab                               functab      0000
__Lidloc                                 idloc        0000
__Linit                                  init         0000
__Lintentry                              intentry     0000
__Lmaintext                              maintext     0000
__Lpa_nodes                              pa_nodes     0000
__Lpowerup                               powerup      0000
__Lram                                   ram          0000
__Lreset_vec                             reset_vec    0000
__Lsfr0                                  sfr0         0000
__Lsfr1                                  sfr1         0000
__Lsfr2                                  sfr2         0000
__Lsfr3                                  sfr3         0000
__Lspace_0                               (abs)        0000
__Lspace_1                               (abs)        0000
__Lspace_2                               (abs)        0000
__Lspace_3                               (abs)        0000
__Lstack                                 stack        0000
__Lstrings                               strings      0000
__Ltext                                  text         0000
__S0                                     (abs)        2008
__S1                                     (abs)        007E
__S2                                     (abs)        0000
__S3                                     (abs)        0000
___bmul                                  text3        012A
___bmul@multiplicand                     cstackCOMMON 0070
___bmul@multiplier                       cstackCOMMON 0072
___bmul@product                          cstackCOMMON 0071
___int_sp                                stack        0000
___latbits                               (abs)        0000
___ltdiv                                 text38       041A
___ltdiv@counter                         cstackCOMMON 0079
___ltdiv@dividend                        cstackCOMMON 0073
___ltdiv@divisor                         cstackCOMMON 0070
___ltdiv@quotient                        cstackCOMMON 0076
___ltmod                                 text37       03E9
___ltmod@counter                         cstackCOMMON 0076
___ltmod@dividend                        cstackCOMMON 0073
___ltmod@divisor                         cstackCOMMON 0070
___sp                                    stack        0000
__end_ofPL10                             text39       05E4
__end_ofPL12                             text39       05EF
__end_ofPL14                             text32       0340
__end_ofPL16                             text24       031A
__end_ofPL18                             text9        03BC
__end_ofPL2                              maintext     0550
__end_ofPL20                             text17       03E9
__end_ofPL22                             text28       048C
__end_ofPL4                              text32       0339
__end_ofPL6                              text19       07F9
__end_ofPL8                              text9        03B4
__end_of___bmul                          text3        0138
__end_of___ltdiv                         text38       0453
__end_of___ltmod                         text37       041A
__end_of__initialization                 cinit        07FE
__end_of__stringtab                      strings      0011
__end_of_byte_code                       text18       0641
__end_of_coges_money_code                text17       03E2
__end_of_coges_money_value               text39       05D9
__end_of_coges_val_to_string             text36       06FA
__end_of_exec_function                   text14       076B
__end_of_i2c_Detatch                     text13       00AA
__end_of_i2c_read_bit_ack                text33       02F7
__end_of_i2c_send_bit0                   text32       0330
__end_of_i2c_send_bit1                   text30       0392
__end_of_i2c_send_start                  text35       020C
__end_of_i2c_send_stop                   text34       0294
__end_of_iopins_SendSignals              text53       00AE
__end_of_iopins_init                     text12       0187
__end_of_iopins_set_backlight            text52       012A
__end_of_lcd_clear_display               text46       00B7
__end_of_lcd_command                     text49       0694
__end_of_lcd_display_onoff_control       text48       01C9
__end_of_lcd_entry_mode_set              text11       00EB
__end_of_lcd_function_set                text10       0224
__end_of_lcd_function_set_4bit           text9        03A8
__end_of_lcd_function_set_8bit           text8        01F5
__end_of_lcd_goto_home                   text44       00A7
__end_of_lcd_goto_xy                     text23       011C
__end_of_lcd_init                        text7        04CA
__end_of_lcd_pin_lo                      text51       019D
__end_of_lcd_print_s                     text42       015F
__end_of_lcd_pulse                       text50       01B3
__end_of_lcd_set_cg_ram_addr             text6        00CB
__end_of_lcd_set_char                    text4        0274
__end_of_lcd_set_dd_ram_addr             text45       00C4
__end_of_lcd_write_data                  text43       00BD
__end_of_m24c02_multibyte_write          text16       0368
__end_of_m24c02_read_byte                text31       01DF
__end_of_m24c02_send_byte                text27       010F
__end_of_m24c02_send_device_sel          text29       0173
__end_of_m24c02_sequential_current_read  text28       0487
__end_of_m24c02_sequential_random_read   text25       0258
__end_of_m24c02_set_random_address       text26       02B4
__end_of_main                            maintext     0548
__end_of_pic_eeprom_read                 text5        00D2
__end_of_pic_eeprom_write                text47       00F6
__end_of_print_btn                       text22       00DA
__end_of_print_btns                      text21       023D
__end_of_print_credito                   text41       0102
__end_of_print_display                   text1        00B2
__end_of_print_err                       text40       014B
__end_of_print_menu                      text2        050B
__end_of_read_credito                    text24       0311
__end_of_sel_credito                     text19       07EB
__end_of_v_menu                          strings      004D
__end_of_wait_button                     text20       02D4
__end_of_write_credito                   text15       059F
__initialization                         cinit        07F9
__pbssBANK0                              bssBANK0     0037
__pcstackBANK0                           cstackBANK0  0020
__pcstackCOMMON                          cstackCOMMON 0070
__pmaintext                              maintext     050B
__pstrings                               strings      0001
__pswtext1                               swtext1      008E
__ptext1                                 text1        00AE
__ptext10                                text10       020C
__ptext11                                text11       00E2
__ptext12                                text12       0173
__ptext13                                text13       00A7
__ptext14                                text14       06FA
__ptext15                                text15       0550
__ptext16                                text16       0340
__ptext17                                text17       03BC
__ptext18                                text18       05EF
__ptext19                                text19       076B
__ptext2                                 text2        04CA
__ptext20                                text20       02B4
__ptext21                                text21       0224
__ptext22                                text22       00D2
__ptext23                                text23       010F
__ptext24                                text24       02F7
__ptext25                                text25       023D
__ptext26                                text26       0294
__ptext27                                text27       0102
__ptext28                                text28       0453
__ptext29                                text29       015F
__ptext3                                 text3        012A
__ptext30                                text30       0368
__ptext31                                text31       01C9
__ptext32                                text32       031A
__ptext33                                text33       02D4
__ptext34                                text34       0274
__ptext35                                text35       01F5
__ptext36                                text36       0694
__ptext37                                text37       03E9
__ptext38                                text38       041A
__ptext39                                text39       059F
__ptext4                                 text4        0258
__ptext40                                text40       0138
__ptext41                                text41       00F6
__ptext42                                text42       014B
__ptext43                                text43       00B7
__ptext44                                text44       00A5
__ptext45                                text45       00BD
__ptext46                                text46       00B2
__ptext47                                text47       00EB
__ptext48                                text48       01B3
__ptext49                                text49       0641
__ptext5                                 text5        00CB
__ptext50                                text50       019D
__ptext51                                text51       0187
__ptext52                                text52       011C
__ptext53                                text53       00AA
__ptext6                                 text6        00C4
__ptext7                                 text7        048C
__ptext8                                 text8        01DF
__ptext9                                 text9        0392
__size_of___bmul                         (abs)        0000
__size_of___ltdiv                        (abs)        0000
__size_of___ltmod                        (abs)        0000
__size_of_byte_code                      (abs)        0000
__size_of_coges_money_code               (abs)        0000
__size_of_coges_money_value              (abs)        0000
__size_of_coges_val_to_string            (abs)        0000
__size_of_exec_function                  (abs)        0000
__size_of_i2c_Detatch                    (abs)        0000
__size_of_i2c_read_bit_ack               (abs)        0000
__size_of_i2c_send_bit0                  (abs)        0000
__size_of_i2c_send_bit1                  (abs)        0000
__size_of_i2c_send_start                 (abs)        0000
__size_of_i2c_send_stop                  (abs)        0000
__size_of_iopins_SendSignals             (abs)        0000
__size_of_iopins_init                    (abs)        0000
__size_of_iopins_set_backlight           (abs)        0000
__size_of_lcd_clear_display              (abs)        0000
__size_of_lcd_command                    (abs)        0000
__size_of_lcd_display_onoff_control      (abs)        0000
__size_of_lcd_entry_mode_set             (abs)        0000
__size_of_lcd_function_set               (abs)        0000
__size_of_lcd_function_set_4bit          (abs)        0000
__size_of_lcd_function_set_8bit          (abs)        0000
__size_of_lcd_goto_home                  (abs)        0000
__size_of_lcd_goto_xy                    (abs)        0000
__size_of_lcd_init                       (abs)        0000
__size_of_lcd_pin_lo                     (abs)        0000
__size_of_lcd_print_s                    (abs)        0000
__size_of_lcd_pulse                      (abs)        0000
__size_of_lcd_set_cg_ram_addr            (abs)        0000
__size_of_lcd_set_char                   (abs)        0000
__size_of_lcd_set_dd_ram_addr            (abs)        0000
__size_of_lcd_write_data                 (abs)        0000
__size_of_m24c02_multibyte_write         (abs)        0000
__size_of_m24c02_read_byte               (abs)        0000
__size_of_m24c02_send_byte               (abs)        0000
__size_of_m24c02_send_device_sel         (abs)        0000
__size_of_m24c02_sequential_current_read (abs)        0000
__size_of_m24c02_sequential_random_read  (abs)        0000
__size_of_m24c02_set_random_address      (abs)        0000
__size_of_main                           (abs)        0000
__size_of_pic_eeprom_read                (abs)        0000
__size_of_pic_eeprom_write               (abs)        0000
__size_of_print_btn                      (abs)        0000
__size_of_print_btns                     (abs)        0000
__size_of_print_credito                  (abs)        0000
__size_of_print_display                  (abs)        0000
__size_of_print_err                      (abs)        0000
__size_of_print_menu                     (abs)        0000
__size_of_read_credito                   (abs)        0000
__size_of_sel_credito                    (abs)        0000
__size_of_wait_button                    (abs)        0000
__size_of_write_credito                  (abs)        0000
__stringbase                             strings      0010
__stringtab                              strings      0001
_byte_code                               text18       05EF
_coges_money_code                        text17       03BC
_coges_money_value                       text39       059F
_coges_val_to_string                     text36       0694
_exec_function                           text14       06FA
_i2c_Detatch                             text13       00A7
_i2c_read_bit_ack                        text33       02D4
_i2c_send_bit0                           text32       031A
_i2c_send_bit1                           text30       0368
_i2c_send_start                          text35       01F5
_i2c_send_stop                           text34       0274
_iopins_SendSignals                      text53       00AA
_iopins_init                             text12       0173
_iopins_set_backlight                    text52       011C
_lcd_clear_display                       text46       00B2
_lcd_command                             text49       0641
_lcd_display_onoff_control               text48       01B3
_lcd_entry_mode_set                      text11       00E2
_lcd_function_set                        text10       020C
_lcd_function_set_4bit                   text9        0392
_lcd_function_set_8bit                   text8        01DF
_lcd_goto_home                           text44       00A5
_lcd_goto_xy                             text23       010F
_lcd_init                                text7        048C
_lcd_pin_lo                              text51       0187
_lcd_print_s                             text42       014B
_lcd_pulse                               text50       019D
_lcd_set_cg_ram_addr                     text6        00C4
_lcd_set_char                            text4        0258
_lcd_set_dd_ram_addr                     text45       00BD
_lcd_write_data                          text43       00B7
_m24c02_multibyte_write                  text16       0340
_m24c02_read_byte                        text31       01C9
_m24c02_send_byte                        text27       0102
_m24c02_send_device_sel                  text29       015F
_m24c02_sequential_current_read          text28       0453
_m24c02_sequential_random_read           text25       023D
_m24c02_set_random_address               text26       0294
_main                                    maintext     050B
_p_24c02_error                           bssBANK0     0044
_pic_eeprom_read                         text5        00CB
_pic_eeprom_write                        text47       00EB
_print_btn                               text22       00D2
_print_btns                              text21       0224
_print_credito                           text41       00F6
_print_display                           text1        00AE
_print_err                               text40       0138
_print_menu                              text2        04CA
_read_credito                            text24       02F7
_sel_credito                             text19       076B
_v_buffer                                bssBANK0     0037
_v_credito                               bssBANK0     0041
_v_menu                                  strings      0011
_wait_button                             text20       02B4
_write_credito                           text15       0550
btemp                                    (abs)        007E
byte_code@v_cr                           cstackCOMMON 0070
byte_code@v_cs                           cstackCOMMON 0076
byte_code@v_ind                          cstackCOMMON 0077
byte_code@v_out                          cstackCOMMON 0071
clear_ram0                               clrtext      00DA
coges_money_code@v_24b                   cstackBANK0  0021
coges_money_code@v_addr                  cstackCOMMON 007B
coges_money_code@v_checksum              cstackBANK0  0020
coges_money_code@v_cred                  cstackCOMMON 0078
coges_money_code@v_ind                   cstackBANK0  0024
coges_money_code@v_out                   cstackCOMMON 007C
coges_money_value@v_byte                 cstackCOMMON 007B
coges_money_value@v_code                 cstackCOMMON 0079
coges_money_value@v_ind                  cstackCOMMON 007A
coges_money_value@v_out                  cstackCOMMON 0070
coges_val_to_string@c                    cstackBANK0  0024
coges_val_to_string@v                    cstackBANK0  0021
coges_val_to_string@v_cred_hex           cstackCOMMON 007A
coges_val_to_string@v_ind                cstackBANK0  0020
coges_val_to_string@v_out                cstackCOMMON 007D
end_of_initialization                    cinit        07FE
exec_function@v_item                     cstackBANK0  0030
i2c_read_bit_ack@v_out                   cstackCOMMON 0071
i2c_send_bit0@v_bit                      cstackCOMMON 0071
i2c_send_bit1@v_bit                      cstackCOMMON 0073
i2c_send_bit1@v_byte                     cstackCOMMON 0072
i2c_send_bit1@v_pos                      cstackCOMMON 0070
intlevel0                                functab      0000
intlevel1                                functab      0000
intlevel2                                functab      0000
intlevel3                                functab      0000
intlevel4                                functab      0000
intlevel5                                functab      0000
iopins_set_backlight@v_val               cstackCOMMON 0070
lcd_command@RS                           cstackCOMMON 0071
lcd_command@RW                           cstackCOMMON 0074
lcd_command@data                         cstackCOMMON 0072
lcd_command@v_ind                        cstackCOMMON 0076
lcd_command@v_nibble                     cstackCOMMON 0075
lcd_display_onoff_control@B              cstackCOMMON 0078
lcd_display_onoff_control@C              cstackCOMMON 0077
lcd_display_onoff_control@D              cstackCOMMON 007B
lcd_entry_mode_set@ID                    cstackCOMMON 0078
lcd_entry_mode_set@S                     cstackCOMMON 0077
lcd_function_set@DL                      cstackCOMMON 007B
lcd_function_set@F                       cstackCOMMON 0078
lcd_function_set@N                       cstackCOMMON 0077
lcd_goto_xy@v_col                        cstackCOMMON 007A
lcd_goto_xy@v_row                        cstackCOMMON 0078
lcd_print_s@message                      cstackCOMMON 0078
lcd_set_cg_ram_addr@ram_addr             cstackCOMMON 0077
lcd_set_char@v_char                      cstackCOMMON 0079
lcd_set_char@v_ind                       cstackCOMMON 007A
lcd_set_dd_ram_addr@ram_addr             cstackCOMMON 0077
lcd_write_data@data                      cstackCOMMON 0077
ltemp                                    (abs)        007E
ltemp0                                   (abs)        007E
ltemp1                                   (abs)        0082
ltemp2                                   (abs)        0086
ltemp3                                   (abs)        0080
m24c02_multibyte_write@p_err             cstackBANK0  0023
m24c02_multibyte_write@v_ack             cstackBANK0  0025
m24c02_multibyte_write@v_addr            cstackBANK0  0020
m24c02_multibyte_write@v_buffer          cstackBANK0  0021
m24c02_multibyte_write@v_byte            cstackBANK0  0022
m24c02_multibyte_write@v_device          cstackBANK0  0024
m24c02_multibyte_write@v_ind             cstackBANK0  0026
m24c02_read_byte@v_last_byte             cstackCOMMON 0072
m24c02_read_byte@v_out                   cstackCOMMON 0074
m24c02_read_byte@x                       cstackCOMMON 0073
m24c02_send_byte@i                       cstackCOMMON 0075
m24c02_send_byte@v_data                  cstackCOMMON 0074
m24c02_send_device_sel@i                 cstackCOMMON 0076
m24c02_send_device_sel@v_Rw              cstackCOMMON 0074
m24c02_send_device_sel@v_device          cstackCOMMON 0075
m24c02_sequential_current_read@p_err     cstackCOMMON 0079
m24c02_sequential_current_read@v_ack     cstackBANK0  0021
m24c02_sequential_current_read@v_buffer  cstackCOMMON 0077
m24c02_sequential_current_read@v_byte    cstackCOMMON 0078
m24c02_sequential_current_read@v_device  cstackBANK0  0020
m24c02_sequential_current_read@v_ind     cstackBANK0  0022
m24c02_sequential_random_read@p_err      cstackBANK0  0026
m24c02_sequential_random_read@v_addr     cstackBANK0  0023
m24c02_sequential_random_read@v_buffer   cstackBANK0  0024
m24c02_sequential_random_read@v_byte     cstackBANK0  0025
m24c02_sequential_random_read@v_device   cstackCOMMON 007C
m24c02_set_random_address@p_err          cstackCOMMON 0078
m24c02_set_random_address@v_ack          cstackCOMMON 007A
m24c02_set_random_address@v_addr         cstackCOMMON 0077
m24c02_set_random_address@v_device       cstackCOMMON 0079
main@v_menu_item                         cstackBANK0  0036
main@v_pulsante                          cstackBANK0  0035
pic_eeprom_read@v_addr                   cstackCOMMON 0070
pic_eeprom_write@v_addr                  cstackCOMMON 0071
pic_eeprom_write@v_data                  cstackCOMMON 0070
print_btn@btn                            cstackCOMMON 0079
print_btn@btn_press                      cstackCOMMON 0078
print_btns@btn_0                         cstackCOMMON 007C
print_btns@btn_1                         cstackCOMMON 007B
print_btns@btn_2                         cstackBANK0  0020
print_btns@btn_press                     cstackCOMMON 007D
print_credito@v_buffer                   cstackCOMMON 007A
print_display@v_menu_item                cstackCOMMON 007D
print_menu@v_ind                         cstackCOMMON 007C
print_menu@v_item                        cstackCOMMON 007B
read_credito@v_buffer                    cstackBANK0  0027
read_credito@v_credito                   cstackBANK0  0028
reset_vec                                reset_vec    0000
sel_credito@v_buffer                     cstackBANK0  0025
sel_credito@v_change                     cstackBANK0  002A
sel_credito@v_credito                    cstackBANK0  002B
sel_credito@v_pulsante                   cstackBANK0  0029
stackhi                                  (abs)        0000
stacklo                                  (abs)        0000
start                                    init         0000
start_initialization                     cinit        07F9
ttemp                                    (abs)        007E
ttemp0                                   (abs)        007E
ttemp1                                   (abs)        0081
ttemp2                                   (abs)        0084
ttemp3                                   (abs)        0087
ttemp4                                   (abs)        007F
wait_button@v_pulsanti                   cstackCOMMON 0072
write_credito@v_addr                     cstackBANK0  002C
write_credito@v_credito                  cstackBANK0  0027
wtemp                                    (abs)        007E
wtemp0                                   (abs)        007E
wtemp1                                   (abs)        0080
wtemp2                                   (abs)        0082
wtemp3                                   (abs)        0084
wtemp4                                   (abs)        0086
wtemp5                                   (abs)        0088
wtemp6                                   (abs)        007F


FUNCTION INFORMATION:

 *************** function _main *****************
 Defined at:
		line 276 in file "main.c"
 Parameters:    Size  Location     Type
  argc            2   17[BANK0 ] int 
  argv            2   19[BANK0 ] PTR PTR unsigned char 
 Auto vars:     Size  Location     Type
  v_menu_item     1   22[BANK0 ] char 
  v_pulsante      1   21[BANK0 ] unsigned char 
 Return value:  Size  Location     Type
                  2   17[BANK0 ] int 
 Registers used:
		wreg, fsr0l, fsr0h, status,2, status,0, btemp+1, pclath, cstack
 Tracked objects:
		On entry : 
		On exit  : 
		Unchanged: 
 Data sizes:     COMMON   BANK0   BANK1   BANK2
      Params:         0       4       0       0
      Locals:         0       2       0       0
      Temps:          0       0       0       0
      Totals:         0       6       0       0
Total ram usage:        6 bytes
 Hardware stack levels required when called:    7
 This function calls:
		_exec_function
		_i2c_Detatch
		_iopins_init
		_iopins_set_backlight
		_lcd_init
		_lcd_set_char
		_pic_eeprom_read
		_print_btns
		_print_display
		_wait_button
 This function is called by:
		Startup code after reset
 This function uses a non-reentrant model


 *************** function _print_display *****************
 Defined at:
		line 41 in file "main_menu.c"
 Parameters:    Size  Location     Type
  v_menu_item     1    wreg     PTR char 
		 -> main@v_menu_item(1), 
 Auto vars:     Size  Location     Type
  v_menu_item     1   13[COMMON] PTR char 
		 -> main@v_menu_item(1), 
 Return value:  Size  Location     Type
		None               void
 Registers used:
		wreg, fsr0l, fsr0h, status,2, status,0, btemp+1, pclath, cstack
 Tracked objects:
		On entry : 
		On exit  : 
		Unchanged: 
 Data sizes:     COMMON   BANK0   BANK1   BANK2
      Params:         0       0       0       0
      Locals:         1       0       0       0
      Temps:          0       0       0       0
      Totals:         1       0       0       0
Total ram usage:        1 bytes
 Hardware stack levels used:    1
 Hardware stack levels required when called:    5
 This function calls:
		_lcd_goto_home
		_print_menu
 This function is called by:
		_main
 This function uses a non-reentrant model


 *************** function _print_menu *****************
 Defined at:
		line 22 in file "main_menu.c"
 Parameters:    Size  Location     Type
  v_item          1    wreg     PTR char 
		 -> main@v_menu_item(1), 
 Auto vars:     Size  Location     Type
  v_item          1   11[COMMON] PTR char 
		 -> main@v_menu_item(1), 
  v_ind           1   12[COMMON] char 
 Return value:  Size  Location     Type
		None               void
 Registers used:
		wreg, fsr0l, fsr0h, status,2, status,0, btemp+1, pclath, cstack
 Tracked objects:
		On entry : 
		On exit  : 
		Unchanged: 
 Data sizes:     COMMON   BANK0   BANK1   BANK2
      Params:         0       0       0       0
      Locals:         2       0       0       0
      Temps:          0       4       0       0
      Totals:         2       4       0       0
Total ram usage:        6 bytes
 Hardware stack levels used:    1
 Hardware stack levels required when called:    4
 This function calls:
		___bmul
		_lcd_goto_xy
		_lcd_print_s
		_lcd_write_data
 This function is called by:
		_print_display
 This function uses a non-reentrant model


 *************** function ___bmul *****************
 Defined at:
		line 4 in file "C:\Program Files (x86)\Microchip\xc8\v1.34\sources\common\Umul8.c"
 Parameters:    Size  Location     Type
  multiplier      1    wreg     unsigned char 
  multiplicand    1    0[COMMON] unsigned char 
 Auto vars:     Size  Location     Type
  multiplier      1    2[COMMON] unsigned char 
  product         1    1[COMMON] unsigned char 
 Return value:  Size  Location     Type
                  1    wreg      unsigned char 
 Registers used:
		wreg, status,2, status,0
 Tracked objects:
		On entry : 
		On exit  : 
		Unchanged: 
 Data sizes:     COMMON   BANK0   BANK1   BANK2
      Params:         1       0       0       0
      Locals:         2       0       0       0
      Temps:          0       0       0       0
      Totals:         3       0       0       0
Total ram usage:        3 bytes
 Hardware stack levels used:    1
 This function calls:
		Nothing
 This function is called by:
		_print_menu
 This function uses a non-reentrant model


 *************** function _lcd_set_char *****************
 Defined at:
		line 522 in file "lcd1602.c"
 Parameters:    Size  Location     Type
		None
 Auto vars:     Size  Location     Type
  v_ind           1   10[COMMON] unsigned char 
  v_char          1    9[COMMON] unsigned char 
 Return value:  Size  Location     Type
		None               void
 Registers used:
		wreg, status,2, status,0, pclath, cstack
 Tracked objects:
		On entry : 
		On exit  : 
		Unchanged: 
 Data sizes:     COMMON   BANK0   BANK1   BANK2
      Params:         0       0       0       0
      Locals:         2       0       0       0
      Temps:          1       0       0       0
      Totals:         3       0       0       0
Total ram usage:        3 bytes
 Hardware stack levels used:    1
 Hardware stack levels required when called:    3
 This function calls:
		_lcd_set_cg_ram_addr
		_lcd_write_data
		_pic_eeprom_read
 This function is called by:
		_main
 This function uses a non-reentrant model


 *************** function _pic_eeprom_read *****************
 Defined at:
		line 10 in file "pic_eeprom.c"
 Parameters:    Size  Location     Type
  v_addr          1    wreg     unsigned char 
 Auto vars:     Size  Location     Type
  v_addr          1    0[COMMON] unsigned char 
 Return value:  Size  Location     Type
                  1    wreg      unsigned char 
 Registers used:
		wreg
 Tracked objects:
		On entry : 
		On exit  : 
		Unchanged: 
 Data sizes:     COMMON   BANK0   BANK1   BANK2
      Params:         0       0       0       0
      Locals:         1       0       0       0
      Temps:          0       0       0       0
      Totals:         1       0       0       0
Total ram usage:        1 bytes
 Hardware stack levels used:    1
 This function calls:
		Nothing
 This function is called by:
		_main
		_lcd_set_char
 This function uses a non-reentrant model


 *************** function _lcd_set_cg_ram_addr *****************
 Defined at:
		line 209 in file "lcd1602.c"
 Parameters:    Size  Location     Type
  ram_addr        1    wreg     unsigned char 
 Auto vars:     Size  Location     Type
  ram_addr        1    7[COMMON] unsigned char 
 Return value:  Size  Location     Type
		None               void
 Registers used:
		wreg, status,2, status,0, pclath, cstack
 Tracked objects:
		On entry : 
		On exit  : 
		Unchanged: 
 Data sizes:     COMMON   BANK0   BANK1   BANK2
      Params:         0       0       0       0
      Locals:         1       0       0       0
      Temps:          0       0       0       0
      Totals:         1       0       0       0
Total ram usage:        1 bytes
 Hardware stack levels used:    1
 Hardware stack levels required when called:    2
 This function calls:
		_lcd_command
 This function is called by:
		_lcd_set_char
 This function uses a non-reentrant model


 *************** function _lcd_init *****************
 Defined at:
		line 414 in file "lcd1602.c"
 Parameters:    Size  Location     Type
		None
 Auto vars:     Size  Location     Type
		None
 Return value:  Size  Location     Type
		None               void
 Registers used:
		wreg, status,2, status,0, pclath, cstack
 Tracked objects:
		On entry : 
		On exit  : 
		Unchanged: 
 Data sizes:     COMMON   BANK0   BANK1   BANK2
      Params:         0       0       0       0
      Locals:         0       0       0       0
      Temps:          2       0       0       0
      Totals:         2       0       0       0
Total ram usage:        2 bytes
 Hardware stack levels used:    1
 Hardware stack levels required when called:    3
 This function calls:
		_lcd_clear_display
		_lcd_display_onoff_control
		_lcd_entry_mode_set
		_lcd_function_set
		_lcd_function_set_4bit
		_lcd_function_set_8bit
		_lcd_pin_lo
		_lcd_set_dd_ram_addr
 This function is called by:
		_main
 This function uses a non-reentrant model


 *************** function _lcd_function_set_8bit *****************
 Defined at:
		line 143 in file "lcd1602.c"
 Parameters:    Size  Location     Type
		None
 Auto vars:     Size  Location     Type
		None
 Return value:  Size  Location     Type
		None               void
 Registers used:
		wreg, status,2, status,0, pclath, cstack
 Tracked objects:
		On entry : 
		On exit  : 
		Unchanged: 
 Data sizes:     COMMON   BANK0   BANK1   BANK2
      Params:         0       0       0       0
      Locals:         0       0       0       0
      Temps:          1       0       0       0
      Totals:         1       0       0       0
Total ram usage:        1 bytes
 Hardware stack levels used:    1
 Hardware stack levels required when called:    1
 This function calls:
		_lcd_pin_lo
		_lcd_pulse
 This function is called by:
		_lcd_init
 This function uses a non-reentrant model


 *************** function _lcd_function_set_4bit *****************
 Defined at:
		line 172 in file "lcd1602.c"
 Parameters:    Size  Location     Type
		None
 Auto vars:     Size  Location     Type
		None
 Return value:  Size  Location     Type
		None               void
 Registers used:
		wreg, status,2, status,0, pclath, cstack
 Tracked objects:
		On entry : 
		On exit  : 
		Unchanged: 
 Data sizes:     COMMON   BANK0   BANK1   BANK2
      Params:         0       0       0       0
      Locals:         0       0       0       0
      Temps:          1       0       0       0
      Totals:         1       0       0       0
Total ram usage:        1 bytes
 Hardware stack levels used:    1
 Hardware stack levels required when called:    1
 This function calls:
		_lcd_pin_lo
		_lcd_pulse
 This function is called by:
		_lcd_init
 This function uses a non-reentrant model


 *************** function _lcd_function_set *****************
 Defined at:
		line 203 in file "lcd1602.c"
 Parameters:    Size  Location     Type
  DL              1    wreg     unsigned char 
  N               1    7[COMMON] unsigned char 
  F               1    8[COMMON] unsigned char 
 Auto vars:     Size  Location     Type
  DL              1   11[COMMON] unsigned char 
 Return value:  Size  Location     Type
		None               void
 Registers used:
		wreg, status,2, status,0, pclath, cstack
 Tracked objects:
		On entry : 
		On exit  : 
		Unchanged: 
 Data sizes:     COMMON   BANK0   BANK1   BANK2
      Params:         2       0       0       0
      Locals:         1       0       0       0
      Temps:          2       0       0       0
      Totals:         5       0       0       0
Total ram usage:        5 bytes
 Hardware stack levels used:    1
 Hardware stack levels required when called:    2
 This function calls:
		_lcd_command
 This function is called by:
		_lcd_init
 This function uses a non-reentrant model


 *************** function _lcd_entry_mode_set *****************
 Defined at:
		line 124 in file "lcd1602.c"
 Parameters:    Size  Location     Type
  ID              1    wreg     unsigned char 
  S               1    7[COMMON] unsigned char 
 Auto vars:     Size  Location     Type
  ID              1    8[COMMON] unsigned char 
 Return value:  Size  Location     Type
		None               void
 Registers used:
		wreg, status,2, status,0, pclath, cstack
 Tracked objects:
		On entry : 
		On exit  : 
		Unchanged: 
 Data sizes:     COMMON   BANK0   BANK1   BANK2
      Params:         1       0       0       0
      Locals:         1       0       0       0
      Temps:          0       0       0       0
      Totals:         2       0       0       0
Total ram usage:        2 bytes
 Hardware stack levels used:    1
 Hardware stack levels required when called:    2
 This function calls:
		_lcd_command
 This function is called by:
		_lcd_init
 This function uses a non-reentrant model


 *************** function _iopins_init *****************
 Defined at:
		line 8 in file "io_pins.c"
 Parameters:    Size  Location     Type
		None
 Auto vars:     Size  Location     Type
		None
 Return value:  Size  Location     Type
		None               void
 Registers used:
		wreg, status,2, status,0, pclath, cstack
 Tracked objects:
		On entry : 
		On exit  : 
		Unchanged: 
 Data sizes:     COMMON   BANK0   BANK1   BANK2
      Params:         0       0       0       0
      Locals:         0       0       0       0
      Temps:          3       0       0       0
      Totals:         3       0       0       0
Total ram usage:        3 bytes
 Hardware stack levels used:    1
 Hardware stack levels required when called:    1
 This function calls:
		_iopins_SendSignals
 This function is called by:
		_main
 This function uses a non-reentrant model


 *************** function _i2c_Detatch *****************
 Defined at:
		line 49 in file "i2c.c"
 Parameters:    Size  Location     Type
		None
 Auto vars:     Size  Location     Type
		None
 Return value:  Size  Location     Type
		None               void
 Registers used:
		wreg, status,2, status,0
 Tracked objects:
		On entry : 
		On exit  : 
		Unchanged: 
 Data sizes:     COMMON   BANK0   BANK1   BANK2
      Params:         0       0       0       0
      Locals:         0       0       0       0
      Temps:          0       0       0       0
      Totals:         0       0       0       0
Total ram usage:        0 bytes
 Hardware stack levels used:    1
 This function calls:
		Nothing
 This function is called by:
		_main
 This function uses a non-reentrant model


 *************** function _exec_function *****************
 Defined at:
		line 220 in file "main.c"
 Parameters:    Size  Location     Type
  v_item          1    wreg     PTR char 
		 -> main@v_menu_item(1), 
 Auto vars:     Size  Location     Type
  v_item          1   16[BANK0 ] PTR char 
		 -> main@v_menu_item(1), 
 Return value:  Size  Location     Type
		None               void
 Registers used:
		wreg, fsr0l, fsr0h, status,2, status,0, btemp+1, pclath, cstack
 Tracked objects:
		On entry : 
		On exit  : 
		Unchanged: 
 Data sizes:     COMMON   BANK0   BANK1   BANK2
      Params:         0       0       0       0
      Locals:         0       1       0       0
      Temps:          0       3       0       0
      Totals:         0       4       0       0
Total ram usage:        4 bytes
 Hardware stack levels used:    1
 Hardware stack levels required when called:    6
 This function calls:
		_iopins_set_backlight
		_lcd_clear_display
		_lcd_display_onoff_control
		_pic_eeprom_write
		_print_credito
		_print_err
		_read_credito
		_sel_credito
		_write_credito
 This function is called by:
		_main
 This function uses a non-reentrant model


 *************** function _write_credito *****************
 Defined at:
		line 75 in file "main.c"
 Parameters:    Size  Location     Type
  v_credito       3    7[BANK0 ] unsigned um
 Auto vars:     Size  Location     Type
  v_addr          1   12[BANK0 ] unsigned char 
 Return value:  Size  Location     Type
		None               void
 Registers used:
		wreg, fsr0l, fsr0h, status,2, status,0, btemp+1, pclath, cstack
 Tracked objects:
		On entry : 
		On exit  : 
		Unchanged: 
 Data sizes:     COMMON   BANK0   BANK1   BANK2
      Params:         0       3       0       0
      Locals:         0       1       0       0
      Temps:          0       2       0       0
      Totals:         0       6       0       0
Total ram usage:        6 bytes
 Hardware stack levels used:    1
 Hardware stack levels required when called:    4
 This function calls:
		_coges_money_code
		_coges_val_to_string
		_lcd_clear_display
		_lcd_goto_home
		_lcd_goto_xy
		_lcd_print_s
		_m24c02_multibyte_write
 This function is called by:
		_exec_function
 This function uses a non-reentrant model


 *************** function _m24c02_multibyte_write *****************
 Defined at:
		line 166 in file "m24c02.c"
 Parameters:    Size  Location     Type
  v_device        1    wreg     unsigned char 
  v_addr          1    0[BANK0 ] unsigned char 
  v_buffer        1    1[BANK0 ] PTR unsigned char 
		 -> v_buffer(10), 
  v_byte          1    2[BANK0 ] unsigned char 
  p_err           1    3[BANK0 ] PTR unsigned char 
		 -> p_24c02_error(1), 
 Auto vars:     Size  Location     Type
  v_device        1    4[BANK0 ] unsigned char 
  v_ind           1    6[BANK0 ] unsigned char 
  v_ack           1    5[BANK0 ] unsigned char 
 Return value:  Size  Location     Type
		None               void
 Registers used:
		wreg, fsr0l, fsr0h, status,2, status,0, pclath, cstack
 Tracked objects:
		On entry : 
		On exit  : 
		Unchanged: 
 Data sizes:     COMMON   BANK0   BANK1   BANK2
      Params:         0       4       0       0
      Locals:         0       3       0       0
      Temps:          1       0       0       0
      Totals:         1       7       0       0
Total ram usage:        8 bytes
 Hardware stack levels used:    1
 Hardware stack levels required when called:    3
 This function calls:
		_i2c_read_bit_ack
		_i2c_send_stop
		_m24c02_send_byte
		_m24c02_set_random_address
 This function is called by:
		_write_credito
 This function uses a non-reentrant model


 *************** function _coges_money_code *****************
 Defined at:
		line 29 in file "coges.c"
 Parameters:    Size  Location     Type
  v_cred          3    8[COMMON] unsigned um
  v_addr          1   11[COMMON] unsigned char 
  v_out           1   12[COMMON] PTR unsigned char 
		 -> v_buffer(10), 
 Auto vars:     Size  Location     Type
  v_24b           3    1[BANK0 ] unsigned um
  v_ind           1    4[BANK0 ] char 
  v_checksum      1    0[BANK0 ] unsigned char 
 Return value:  Size  Location     Type
		None               void
 Registers used:
		wreg, fsr0l, fsr0h, status,2, status,0, pclath, cstack
 Tracked objects:
		On entry : 
		On exit  : 
		Unchanged: 
 Data sizes:     COMMON   BANK0   BANK1   BANK2
      Params:         5       0       0       0
      Locals:         0       5       0       0
      Temps:          0       0       0       0
      Totals:         5       5       0       0
Total ram usage:       10 bytes
 Hardware stack levels used:    1
 Hardware stack levels required when called:    1
 This function calls:
		_byte_code
 This function is called by:
		_write_credito
 This function uses a non-reentrant model


 *************** function _byte_code *****************
 Defined at:
		line 3 in file "coges.c"
 Parameters:    Size  Location     Type
  v_cs            1    wreg     PTR unsigned char 
		 -> coges_money_code@v_checksum(1), 
  v_cr            1    0[COMMON] PTR unsigned char 
		 -> coges_money_code@v_24b(3), 
  v_out           1    1[COMMON] PTR unsigned char 
		 -> v_buffer(10), 
 Auto vars:     Size  Location     Type
  v_cs            1    6[COMMON] PTR unsigned char 
		 -> coges_money_code@v_checksum(1), 
  v_ind           1    7[COMMON] char 
 Return value:  Size  Location     Type
		None               void
 Registers used:
		wreg, fsr0l, fsr0h, status,2, status,0
 Tracked objects:
		On entry : 
		On exit  : 
		Unchanged: 
 Data sizes:     COMMON   BANK0   BANK1   BANK2
      Params:         2       0       0       0
      Locals:         2       0       0       0
      Temps:          4       0       0       0
      Totals:         8       0       0       0
Total ram usage:        8 bytes
 Hardware stack levels used:    1
 This function calls:
		Nothing
 This function is called by:
		_coges_money_code
 This function uses a non-reentrant model


 *************** function _sel_credito *****************
 Defined at:
		line 156 in file "main.c"
 Parameters:    Size  Location     Type
  v_credito       1    wreg     PTR unsigned um
		 -> v_credito(3), 
  v_buffer        1    5[BANK0 ] PTR unsigned char 
		 -> v_buffer(10), 
 Auto vars:     Size  Location     Type
  v_credito       1   11[BANK0 ] PTR unsigned um
		 -> v_credito(3), 
  v_change        1   10[BANK0 ] unsigned char 
  v_pulsante      1    9[BANK0 ] unsigned char 
 Return value:  Size  Location     Type
		None               void
 Registers used:
		wreg, fsr0l, fsr0h, status,2, status,0, btemp+1, pclath, cstack
 Tracked objects:
		On entry : 
		On exit  : 
		Unchanged: 
 Data sizes:     COMMON   BANK0   BANK1   BANK2
      Params:         0       1       0       0
      Locals:         0       3       0       0
      Temps:          0       3       0       0
      Totals:         0       7       0       0
Total ram usage:        7 bytes
 Hardware stack levels used:    1
 Hardware stack levels required when called:    5
 This function calls:
		_coges_val_to_string
		_lcd_goto_xy
		_lcd_print_s
		_print_btns
		_wait_button
 This function is called by:
		_exec_function
 This function uses a non-reentrant model


 *************** function _wait_button *****************
 Defined at:
		line 40 in file "buttons.c"
 Parameters:    Size  Location     Type
		None
 Auto vars:     Size  Location     Type
  v_pulsanti      1    2[COMMON] unsigned char 
 Return value:  Size  Location     Type
                  1    wreg      unsigned char 
 Registers used:
		wreg, status,2, status,0
 Tracked objects:
		On entry : 
		On exit  : 
		Unchanged: 
 Data sizes:     COMMON   BANK0   BANK1   BANK2
      Params:         0       0       0       0
      Locals:         1       0       0       0
      Temps:          2       0       0       0
      Totals:         3       0       0       0
Total ram usage:        3 bytes
 Hardware stack levels used:    1
 This function calls:
		Nothing
 This function is called by:
		_sel_credito
		_main
 This function uses a non-reentrant model


 *************** function _print_btns *****************
 Defined at:
		line 13 in file "main_menu.c"
 Parameters:    Size  Location     Type
  btn_2           1    wreg     unsigned char 
  btn_1           1   11[COMMON] unsigned char 
  btn_0           1   12[COMMON] unsigned char 
  btn_press       1   13[COMMON] unsigned char 
 Auto vars:     Size  Location     Type
  btn_2           1    0[BANK0 ] unsigned char 
 Return value:  Size  Location     Type
		None               void
 Registers used:
		wreg, status,2, status,0, pclath, cstack
 Tracked objects:
		On entry : 
		On exit  : 
		Unchanged: 
 Data sizes:     COMMON   BANK0   BANK1   BANK2
      Params:         3       0       0       0
      Locals:         0       1       0       0
      Temps:          0       0       0       0
      Totals:         3       1       0       0
Total ram usage:        4 bytes
 Hardware stack levels used:    1
 Hardware stack levels required when called:    4
 This function calls:
		_lcd_goto_xy
		_print_btn
 This function is called by:
		_sel_credito
		_main
 This function uses a non-reentrant model


 *************** function _print_btn *****************
 Defined at:
		line 3 in file "main_menu.c"
 Parameters:    Size  Location     Type
  btn             1    wreg     unsigned char 
  btn_press       1    8[COMMON] unsigned char 
 Auto vars:     Size  Location     Type
  btn             1    9[COMMON] unsigned char 
 Return value:  Size  Location     Type
		None               void
 Registers used:
		wreg, status,2, status,0, pclath, cstack
 Tracked objects:
		On entry : 
		On exit  : 
		Unchanged: 
 Data sizes:     COMMON   BANK0   BANK1   BANK2
      Params:         1       0       0       0
      Locals:         1       0       0       0
      Temps:          0       0       0       0
      Totals:         2       0       0       0
Total ram usage:        2 bytes
 Hardware stack levels used:    1
 Hardware stack levels required when called:    3
 This function calls:
		_lcd_write_data
 This function is called by:
		_print_btns
 This function uses a non-reentrant model


 *************** function _lcd_goto_xy *****************
 Defined at:
		line 474 in file "lcd1602.c"
 Parameters:    Size  Location     Type
  v_col           1    wreg     unsigned char 
  v_row           1    8[COMMON] unsigned char 
 Auto vars:     Size  Location     Type
  v_col           1   10[COMMON] unsigned char 
 Return value:  Size  Location     Type
		None               void
 Registers used:
		wreg, status,2, status,0, pclath, cstack
 Tracked objects:
		On entry : 
		On exit  : 
		Unchanged: 
 Data sizes:     COMMON   BANK0   BANK1   BANK2
      Params:         1       0       0       0
      Locals:         1       0       0       0
      Temps:          1       0       0       0
      Totals:         3       0       0       0
Total ram usage:        3 bytes
 Hardware stack levels used:    1
 Hardware stack levels required when called:    3
 This function calls:
		_lcd_set_dd_ram_addr
 This function is called by:
		_write_credito
		_sel_credito
		_print_btns
		_print_menu
 This function uses a non-reentrant model


 *************** function _read_credito *****************
 Defined at:
		line 97 in file "main.c"
 Parameters:    Size  Location     Type
  v_credito       1    wreg     PTR unsigned um
		 -> v_credito(3), 
  v_buffer        1    7[BANK0 ] PTR unsigned char 
		 -> v_buffer(10), 
 Auto vars:     Size  Location     Type
  v_credito       1    8[BANK0 ] PTR unsigned um
		 -> v_credito(3), 
 Return value:  Size  Location     Type
		None               void
 Registers used:
		wreg, fsr0l, fsr0h, status,2, status,0, pclath, cstack
 Tracked objects:
		On entry : 
		On exit  : 
		Unchanged: 
 Data sizes:     COMMON   BANK0   BANK1   BANK2
      Params:         0       1       0       0
      Locals:         0       1       0       0
      Temps:          0       0       0       0
      Totals:         0       2       0       0
Total ram usage:        2 bytes
 Hardware stack levels used:    1
 Hardware stack levels required when called:    4
 This function calls:
		_coges_money_value
		_coges_val_to_string
		_m24c02_sequential_random_read
 This function is called by:
		_exec_function
 This function uses a non-reentrant model


 *************** function _m24c02_sequential_random_read *****************
 Defined at:
		line 135 in file "m24c02.c"
 Parameters:    Size  Location     Type
  v_device        1    wreg     unsigned char 
  v_addr          1    3[BANK0 ] unsigned char 
  v_buffer        1    4[BANK0 ] PTR unsigned char 
		 -> m24c02_random_address_read@v_out(1), v_buffer(10), 
  v_byte          1    5[BANK0 ] unsigned char 
  p_err           1    6[BANK0 ] PTR unsigned char 
		 -> p_24c02_error(1), 
 Auto vars:     Size  Location     Type
  v_device        1   12[COMMON] unsigned char 
 Return value:  Size  Location     Type
		None               void
 Registers used:
		wreg, fsr0l, fsr0h, status,2, status,0, pclath, cstack
 Tracked objects:
		On entry : 
		On exit  : 
		Unchanged: 
 Data sizes:     COMMON   BANK0   BANK1   BANK2
      Params:         0       4       0       0
      Locals:         1       0       0       0
      Temps:          0       0       0       0
      Totals:         1       4       0       0
Total ram usage:        5 bytes
 Hardware stack levels used:    1
 Hardware stack levels required when called:    3
 This function calls:
		_m24c02_sequential_current_read
		_m24c02_set_random_address
 This function is called by:
		_read_credito
 This function uses a non-reentrant model


 *************** function _m24c02_set_random_address *****************
 Defined at:
		line 64 in file "m24c02.c"
 Parameters:    Size  Location     Type
  v_device        1    wreg     unsigned char 
  v_addr          1    7[COMMON] unsigned char 
  p_err           1    8[COMMON] PTR unsigned char 
		 -> p_24c02_error(1), 
 Auto vars:     Size  Location     Type
  v_device        1    9[COMMON] unsigned char 
  v_ack           1   10[COMMON] unsigned char 
 Return value:  Size  Location     Type
		None               void
 Registers used:
		wreg, fsr0l, fsr0h, status,2, status,0, pclath, cstack
 Tracked objects:
		On entry : 
		On exit  : 
		Unchanged: 
 Data sizes:     COMMON   BANK0   BANK1   BANK2
      Params:         2       0       0       0
      Locals:         2       0       0       0
      Temps:          0       0       0       0
      Totals:         4       0       0       0
Total ram usage:        4 bytes
 Hardware stack levels used:    1
 Hardware stack levels required when called:    2
 This function calls:
		_i2c_read_bit_ack
		_i2c_send_start
		_i2c_send_stop
		_m24c02_send_byte
		_m24c02_send_device_sel
 This function is called by:
		_m24c02_sequential_random_read
		_m24c02_multibyte_write
 This function uses a non-reentrant model


 *************** function _m24c02_send_byte *****************
 Defined at:
		line 33 in file "m24c02.c"
 Parameters:    Size  Location     Type
  v_data          1    wreg     unsigned char 
 Auto vars:     Size  Location     Type
  v_data          1    4[COMMON] unsigned char 
  i               1    5[COMMON] unsigned char 
 Return value:  Size  Location     Type
		None               void
 Registers used:
		wreg, status,2, status,0, pclath, cstack
 Tracked objects:
		On entry : 
		On exit  : 
		Unchanged: 
 Data sizes:     COMMON   BANK0   BANK1   BANK2
      Params:         0       0       0       0
      Locals:         2       0       0       0
      Temps:          0       0       0       0
[...]
 Hardware stack levels used:    1
 This function calls:
		Nothing
 This function is called by:
		_coges_val_to_string
 This function uses a non-reentrant model


 *************** function ___ltdiv *****************
 Defined at:
		line 6 in file "C:\Program Files (x86)\Microchip\xc8\v1.34\sources\common\ltdiv.c"
 Parameters:    Size  Location     Type
  divisor         3    0[COMMON] unsigned um
  dividend        3    3[COMMON] unsigned um
 Auto vars:     Size  Location     Type
  quotient        3    6[COMMON] unsigned um
  counter         1    9[COMMON] unsigned char 
 Return value:  Size  Location     Type
                  3    0[COMMON] unsigned um
 Registers used:
		wreg, status,2, status,0
 Tracked objects:
		On entry : 
		On exit  : 
		Unchanged: 
 Data sizes:     COMMON   BANK0   BANK1   BANK2
      Params:         6       0       0       0
      Locals:         4       0       0       0
      Temps:          0       0       0       0
      Totals:        10       0       0       0
Total ram usage:       10 bytes
 Hardware stack levels used:    1
 This function calls:
		Nothing
 This function is called by:
		_coges_val_to_string
 This function uses a non-reentrant model


 *************** function _coges_money_value *****************
 Defined at:
		line 75 in file "coges.c"
 Parameters:    Size  Location     Type
  v_code          1    wreg     PTR unsigned char 
		 -> v_buffer(10), 
  v_out           1    0[COMMON] PTR unsigned um
		 -> v_credito(3), 
 Auto vars:     Size  Location     Type
  v_code          1    9[COMMON] PTR unsigned char 
		 -> v_buffer(10), 
  v_byte          1   11[COMMON] unsigned char 
  v_ind           1   10[COMMON] char 
 Return value:  Size  Location     Type
		None               void
 Registers used:
		wreg, fsr0l, fsr0h, status,2, status,0
 Tracked objects:
		On entry : 
		On exit  : 
		Unchanged: 
 Data sizes:     COMMON   BANK0   BANK1   BANK2
      Params:         1       0       0       0
      Locals:         3       0       0       0
      Temps:          8       0       0       0
      Totals:        12       0       0       0
Total ram usage:       12 bytes
 Hardware stack levels used:    1
 This function calls:
		Nothing
 This function is called by:
		_read_credito
 This function uses a non-reentrant model


 *************** function _print_err *****************
 Defined at:
		line 40 in file "main.c"
 Parameters:    Size  Location     Type
		None
 Auto vars:     Size  Location     Type
		None
 Return value:  Size  Location     Type
		None               void
 Registers used:
		wreg, fsr0l, fsr0h, status,2, status,0, btemp+1, pclath, cstack
 Tracked objects:
		On entry : 
		On exit  : 
		Unchanged: 
 Data sizes:     COMMON   BANK0   BANK1   BANK2
      Params:         0       0       0       0
      Locals:         0       0       0       0
      Temps:          3       0       0       0
      Totals:         3       0       0       0
Total ram usage:        3 bytes
 Hardware stack levels used:    1
 Hardware stack levels required when called:    4
 This function calls:
		_lcd_print_s
 This function is called by:
		_exec_function
 This function uses a non-reentrant model


 *************** function _print_credito *****************
 Defined at:
		line 109 in file "main.c"
 Parameters:    Size  Location     Type
  v_buffer        1    wreg     PTR unsigned char 
		 -> v_buffer(10), 
 Auto vars:     Size  Location     Type
  v_buffer        1   10[COMMON] PTR unsigned char 
		 -> v_buffer(10), 
 Return value:  Size  Location     Type
		None               void
 Registers used:
		wreg, fsr0l, fsr0h, status,2, status,0, btemp+1, pclath, cstack
 Tracked objects:
		On entry : 
		On exit  : 
		Unchanged: 
 Data sizes:     COMMON   BANK0   BANK1   BANK2
      Params:         0       0       0       0
      Locals:         1       0       0       0
      Temps:          0       0       0       0
      Totals:         1       0       0       0
Total ram usage:        1 bytes
 Hardware stack levels used:    1
 Hardware stack levels required when called:    4
 This function calls:
		_lcd_clear_display
		_lcd_goto_home
		_lcd_print_s
 This function is called by:
		_exec_function
 This function uses a non-reentrant model


 *************** function _lcd_print_s *****************
 Defined at:
		line 481 in file "lcd1602.c"
 Parameters:    Size  Location     Type
  message         2    8[COMMON] PTR unsigned char 
		 -> STR_6(14), v_menu(60), STR_5(14), STR_4(10), 
		 -> STR_3(8), v_buffer(10), STR_2(9), STR_1(7), 
 Auto vars:     Size  Location     Type
		None
 Return value:  Size  Location     Type
		None               void
 Registers used:
		wreg, fsr0l, fsr0h, status,2, status,0, btemp+1, pclath, cstack
 Tracked objects:
		On entry : 
		On exit  : 
		Unchanged: 
 Data sizes:     COMMON   BANK0   BANK1   BANK2
      Params:         2       0       0       0
      Locals:         0       0       0       0
      Temps:          0       0       0       0
      Totals:         2       0       0       0
Total ram usage:        2 bytes
 Hardware stack levels used:    1
 Hardware stack levels required when called:    3
 This function calls:
		_lcd_write_data
 This function is called by:
		_print_err
		_write_credito
		_print_credito
		_sel_credito
		_print_menu
 This function uses a non-reentrant model


 *************** function _lcd_write_data *****************
 Defined at:
		line 221 in file "lcd1602.c"
 Parameters:    Size  Location     Type
  data            1    wreg     unsigned char 
 Auto vars:     Size  Location     Type
  data            1    7[COMMON] unsigned char 
 Return value:  Size  Location     Type
		None               void
 Registers used:
		wreg, status,2, status,0, pclath, cstack
 Tracked objects:
		On entry : 
		On exit  : 
		Unchanged: 
 Data sizes:     COMMON   BANK0   BANK1   BANK2
      Params:         0       0       0       0
      Locals:         1       0       0       0
      Temps:          0       0       0       0
      Totals:         1       0       0       0
Total ram usage:        1 bytes
 Hardware stack levels used:    1
 Hardware stack levels required when called:    2
 This function calls:
		_lcd_command
 This function is called by:
		_print_btn
		_print_menu
		_lcd_print_s
		_lcd_set_char
 This function uses a non-reentrant model


 *************** function _lcd_goto_home *****************
 Defined at:
		line 470 in file "lcd1602.c"
 Parameters:    Size  Location     Type
		None
 Auto vars:     Size  Location     Type
		None
 Return value:  Size  Location     Type
		None               void
 Registers used:
		wreg, status,2, status,0, pclath, cstack
 Tracked objects:
		On entry : 
		On exit  : 
		Unchanged: 
 Data sizes:     COMMON   BANK0   BANK1   BANK2
      Params:         0       0       0       0
      Locals:         0       0       0       0
      Temps:          0       0       0       0
      Totals:         0       0       0       0
Total ram usage:        0 bytes
 Hardware stack levels used:    1
 Hardware stack levels required when called:    3
 This function calls:
		_lcd_set_dd_ram_addr
 This function is called by:
		_write_credito
		_print_credito
		_print_display
 This function uses a non-reentrant model


 *************** function _lcd_set_dd_ram_addr *****************
 Defined at:
		line 215 in file "lcd1602.c"
 Parameters:    Size  Location     Type
  ram_addr        1    wreg     unsigned char 
 Auto vars:     Size  Location     Type
  ram_addr        1    7[COMMON] unsigned char 
 Return value:  Size  Location     Type
		None               void
 Registers used:
		wreg, status,2, status,0, pclath, cstack
 Tracked objects:
		On entry : 
		On exit  : 
		Unchanged: 
 Data sizes:     COMMON   BANK0   BANK1   BANK2
      Params:         0       0       0       0
      Locals:         1       0       0       0
      Temps:          0       0       0       0
      Totals:         1       0       0       0
Total ram usage:        1 bytes
 Hardware stack levels used:    1
 Hardware stack levels required when called:    2
 This function calls:
		_lcd_command
 This function is called by:
		_lcd_init
		_lcd_goto_home
		_lcd_goto_xy
 This function uses a non-reentrant model


 *************** function _lcd_clear_display *****************
 Defined at:
		line 112 in file "lcd1602.c"
 Parameters:    Size  Location     Type
		None
 Auto vars:     Size  Location     Type
		None
 Return value:  Size  Location     Type
		None               void
 Registers used:
		wreg, status,2, status,0, pclath, cstack
 Tracked objects:
		On entry : 
		On exit  : 
		Unchanged: 
 Data sizes:     COMMON   BANK0   BANK1   BANK2
      Params:         0       0       0       0
      Locals:         0       0       0       0
      Temps:          0       0       0       0
      Totals:         0       0       0       0
Total ram usage:        0 bytes
 Hardware stack levels used:    1
 Hardware stack levels required when called:    2
 This function calls:
		_lcd_command
 This function is called by:
		_write_credito
		_print_credito
		_exec_function
		_lcd_init
 This function uses a non-reentrant model


 *************** function _pic_eeprom_write *****************
 Defined at:
		line 17 in file "pic_eeprom.c"
 Parameters:    Size  Location     Type
  v_addr          1    wreg     unsigned char 
  v_data          1    0[COMMON] unsigned char 
 Auto vars:     Size  Location     Type
  v_addr          1    1[COMMON] unsigned char 
 Return value:  Size  Location     Type
		None               void
 Registers used:
		wreg
 Tracked objects:
		On entry : 
		On exit  : 
		Unchanged: 
 Data sizes:     COMMON   BANK0   BANK1   BANK2
      Params:         1       0       0       0
      Locals:         1       0       0       0
      Temps:          0       0       0       0
      Totals:         2       0       0       0
Total ram usage:        2 bytes
 Hardware stack levels used:    1
 This function calls:
		Nothing
 This function is called by:
		_exec_function
 This function uses a non-reentrant model


 *************** function _lcd_display_onoff_control *****************
 Defined at:
		line 130 in file "lcd1602.c"
 Parameters:    Size  Location     Type
  D               1    wreg     unsigned char 
  C               1    7[COMMON] unsigned char 
  B               1    8[COMMON] unsigned char 
 Auto vars:     Size  Location     Type
  D               1   11[COMMON] unsigned char 
 Return value:  Size  Location     Type
		None               void
 Registers used:
		wreg, status,2, status,0, pclath, cstack
 Tracked objects:
		On entry : 
		On exit  : 
		Unchanged: 
 Data sizes:     COMMON   BANK0   BANK1   BANK2
      Params:         2       0       0       0
      Locals:         1       0       0       0
      Temps:          2       0       0       0
      Totals:         5       0       0       0
Total ram usage:        5 bytes
 Hardware stack levels used:    1
 Hardware stack levels required when called:    2
 This function calls:
		_lcd_command
 This function is called by:
		_exec_function
		_lcd_init
 This function uses a non-reentrant model


 *************** function _lcd_command *****************
 Defined at:
		line 54 in file "lcd1602.c"
 Parameters:    Size  Location     Type
  RW              1    wreg     unsigned char 
  RS              1    1[COMMON] unsigned char 
  data            1    2[COMMON] unsigned char 
 Auto vars:     Size  Location     Type
  RW              1    4[COMMON] unsigned char 
  v_ind           1    6[COMMON] char 
  v_nibble        1    5[COMMON] unsigned char 
 Return value:  Size  Location     Type
		None               void
 Registers used:
		wreg, status,2, status,0, pclath, cstack
 Tracked objects:
		On entry : 
		On exit  : 
		Unchanged: 
 Data sizes:     COMMON   BANK0   BANK1   BANK2
      Params:         2       0       0       0
      Locals:         3       0       0       0
      Temps:          1       0       0       0
      Totals:         6       0       0       0
Total ram usage:        6 bytes
 Hardware stack levels used:    1
 Hardware stack levels required when called:    1
 This function calls:
		_lcd_pin_lo
		_lcd_pulse
 This function is called by:
		_lcd_clear_display
		_lcd_entry_mode_set
		_lcd_display_onoff_control
		_lcd_function_set
		_lcd_set_cg_ram_addr
		_lcd_set_dd_ram_addr
		_lcd_write_data
 This function uses a non-reentrant model


 *************** function _lcd_pulse *****************
 Defined at:
		line 24 in file "lcd1602.c"
 Parameters:    Size  Location     Type
		None
 Auto vars:     Size  Location     Type
		None
 Return value:  Size  Location     Type
		None               void
 Registers used:
		wreg
 Tracked objects:
		On entry : 
		On exit  : 
		Unchanged: 
 Data sizes:     COMMON   BANK0   BANK1   BANK2
      Params:         0       0       0       0
      Locals:         0       0       0       0
      Temps:          1       0       0       0
      Totals:         1       0       0       0
Total ram usage:        1 bytes
 Hardware stack levels used:    1
 This function calls:
		Nothing
 This function is called by:
		_lcd_command
		_lcd_function_set_8bit
		_lcd_function_set_4bit
 This function uses a non-reentrant model


 *************** function _lcd_pin_lo *****************
 Defined at:
		line 34 in file "lcd1602.c"
 Parameters:    Size  Location     Type
		None
 Auto vars:     Size  Location     Type
		None
 Return value:  Size  Location     Type
		None               void
 Registers used:
		wreg, status,2, status,0
 Tracked objects:
		On entry : 
		On exit  : 
		Unchanged: 
 Data sizes:     COMMON   BANK0   BANK1   BANK2
      Params:         0       0       0       0
      Locals:         0       0       0       0
      Temps:          1       0       0       0
      Totals:         1       0       0       0
Total ram usage:        1 bytes
 Hardware stack levels used:    1
 This function calls:
		Nothing
 This function is called by:
		_lcd_command
		_lcd_function_set_8bit
		_lcd_function_set_4bit
		_lcd_init
 This function uses a non-reentrant model


 *************** function _iopins_set_backlight *****************
 Defined at:
		line 18 in file "io_pins.c"
 Parameters:    Size  Location     Type
  v_val           1    wreg     unsigned char 
 Auto vars:     Size  Location     Type
  v_val           1    0[COMMON] unsigned char 
 Return value:  Size  Location     Type
		None               void
 Registers used:
		wreg, status,2, status,0, pclath, cstack
 Tracked objects:
		On entry : 
		On exit  : 
		Unchanged: 
 Data sizes:     COMMON   BANK0   BANK1   BANK2
      Params:         0       0       0       0
      Locals:         1       0       0       0
      Temps:          0       0       0       0
      Totals:         1       0       0       0
Total ram usage:        1 bytes
 Hardware stack levels used:    1
 Hardware stack levels required when called:    1
 This function calls:
		_iopins_SendSignals
 This function is called by:
		_exec_function
		_main
 This function uses a non-reentrant model


 *************** function _iopins_SendSignals *****************
 Defined at:
		line 3 in file "io_pins.c"
 Parameters:    Size  Location     Type
		None
 Auto vars:     Size  Location     Type
		None
 Return value:  Size  Location     Type
		None               void
 Registers used:
		wreg
 Tracked objects:
		On entry : 
		On exit  : 
		Unchanged: 
 Data sizes:     COMMON   BANK0   BANK1   BANK2
      Params:         0       0       0       0
      Locals:         0       0       0       0
      Temps:          0       0       0       0
      Totals:         0       0       0       0
Total ram usage:        0 bytes
 Hardware stack levels used:    1
 This function calls:
		Nothing
 This function is called by:
		_iopins_init
		_iopins_set_backlight
 This function uses a non-reentrant model



MODULE INFORMATION

Module		Function		Class		Link	Load	Size
m24c02.c
		_m24c02_read_by		CODE           	01C9	0000	23
		_m24c02_send_by		CODE           	0102	0000	14
		_m24c02_sequent		CODE           	0453	0000	53
		_m24c02_multiby		CODE           	0340	0000	41
		_m24c02_sequent		CODE           	023D	0000	28
		_m24c02_send_de		CODE           	015F	0000	21
		_m24c02_set_ran		CODE           	0294	0000	33

m24c02.c estimated size: 213

pic_eeprom.c
		_pic_eeprom_wri		CODE           	00EB	0000	12
		_pic_eeprom_rea		CODE           	00CB	0000	8

pic_eeprom.c estimated size: 20

i2c.c
		_i2c_send_stop 		CODE           	0274	0000	33
		_i2c_send_start		CODE           	01F5	0000	24
		_i2c_read_bit_a		CODE           	02D4	0000	36
		_i2c_Detatch   		CODE           	00A7	0000	4
		_i2c_send_bit0 		CODE           	031A	0000	23
		_i2c_send_bit1 		CODE           	0368	0000	43

i2c.c estimated size: 163

buttons.c
		_wait_button   		CODE           	02B4	0000	33

buttons.c estimated size: 33

main_menu.c
		_print_display 		CODE           	00AE	0000	5
		_print_menu    		CODE           	04CA	0000	66
		_print_btn     		CODE           	00D2	0000	9
		_print_btns    		CODE           	0224	0000	26

main_menu.c estimated size: 106

C:\Program Files (x86)\Microchip\xc8\v1.34\sources\common\ltmod.c
		___ltmod       		CODE           	03E9	0000	50

C:\Program Files (x86)\Microchip\xc8\v1.34\sources\common\ltmod.c estimated size: 50

lcd1602.c
		_lcd_write_data		CODE           	00B7	0000	7
		_lcd_command   		CODE           	0641	0000	84
		_lcd_set_char  		CODE           	0258	0000	29
		_lcd_set_dd_ram		CODE           	00BD	0000	8
		_lcd_set_cg_ram		CODE           	00C4	0000	8
		_lcd_function_s		CODE           	020C	0000	25
		_lcd_goto_xy   		CODE           	010F	0000	14
		_lcd_entry_mode		CODE           	00E2	0000	10
		_lcd_print_s   		CODE           	014B	0000	21
		_lcd_display_on		CODE           	01B3	0000	23
		_lcd_pulse     		CODE           	019D	0000	23
		_lcd_goto_home 		CODE           	00A5	0000	3
		_lcd_function_s		CODE           	0392	0000	23
		_lcd_clear_disp		CODE           	00B2	0000	6
		_lcd_function_s		CODE           	01DF	0000	23
		_lcd_pin_lo    		CODE           	0187	0000	23
		_lcd_init      		CODE           	048C	0000	63

lcd1602.c estimated size: 393

shared
		PL12           		CODE           	05E4	0000	12
		PL8            		CODE           	03A8	0000	13
		PL22           		CODE           	0487	0000	6
		PL14           		CODE           	0339	0000	8
		__stringtab    		STRING         	0001	0000	17
		PL16           		CODE           	0311	0000	10
		PL18           		CODE           	03B4	0000	9
		__initializatio		CODE           	07F9	0000	6
		PL2            		CODE           	0548	0000	9
		_v_menu        		STRING         	0011	0000	61
		PL10           		CODE           	05D9	0000	12
		PL4            		CODE           	0330	0000	10
		PL20           		CODE           	03E2	0000	8
		PL6            		CODE           	07EB	0000	15

shared estimated size: 196

coges.c
		_byte_code     		CODE           	05EF	0000	83
		_coges_money_co		CODE           	03BC	0000	39
		_coges_money_va		CODE           	059F	0000	59
		_coges_val_to_s		CODE           	0694	0000	103

coges.c estimated size: 284

io_pins.c
		_iopins_set_bac		CODE           	011C	0000	15
		_iopins_init   		CODE           	0173	0000	21
		_iopins_SendSig		CODE           	00AA	0000	5

io_pins.c estimated size: 41

C:\Program Files (x86)\Microchip\xc8\v1.34\sources\common\Umul8.c
		___bmul        		CODE           	012A	0000	15

C:\Program Files (x86)\Microchip\xc8\v1.34\sources\common\Umul8.c estimated size: 15

C:\Program Files (x86)\Microchip\xc8\v1.34\sources\common\ltdiv.c
		___ltdiv       		CODE           	041A	0000	58

C:\Program Files (x86)\Microchip\xc8\v1.34\sources\common\ltdiv.c estimated size: 58

main.c
		_sel_credito   		CODE           	076B	0000	129
		_read_credito  		CODE           	02F7	0000	27
		_main          		CODE           	050B	0000	62
		_print_credito 		CODE           	00F6	0000	13
		_write_credito 		CODE           	0550	0000	80
		_exec_function 		CODE           	06FA	0000	114
		_print_err     		CODE           	0138	0000	20

main.c estimated size: 445

